[    0.000000] Initializing cgroup subsys cpuset
[    0.000000] Initializing cgroup subsys cpu
[    0.000000] Initializing cgroup subsys cpuacct
[    0.000000] Linux version 4.4.0-159-generic (buildd@lgw01-amd64-042) (gcc version 5.4.0 20160609 (Ubuntu 5.4.0-6ubuntu1~16.04.10) ) #187-Ubuntu SMP Thu Aug 1 16:28:06 UTC 2019 (Ubuntu 4.4.0-159.187-generic 4.4.185)
[    0.000000] Command line: BOOT_IMAGE=/boot/vmlinuz-4.4.0-159-generic root=LABEL=cloudimg-rootfs ro console=tty1 console=ttyS0
[    0.000000] KERNEL supported cpus:
[    0.000000]   Intel GenuineIntel
[    0.000000]   AMD AuthenticAMD
[    0.000000]   Centaur CentaurHauls
[    0.000000] x86/fpu: Legacy x87 FPU detected.
[    0.000000] e820: BIOS-provided physical RAM map:
[    0.000000] BIOS-e820: [mem 0x0000000000000000-0x000000000009fbff] usable
[    0.000000] BIOS-e820: [mem 0x000000000009fc00-0x000000000009ffff] reserved
[    0.000000] BIOS-e820: [mem 0x00000000000f0000-0x00000000000fffff] reserved
[    0.000000] BIOS-e820: [mem 0x0000000000100000-0x000000002cfeffff] usable
[    0.000000] BIOS-e820: [mem 0x000000002cff0000-0x000000002cffffff] ACPI data
[    0.000000] BIOS-e820: [mem 0x00000000fec00000-0x00000000fec00fff] reserved
[    0.000000] BIOS-e820: [mem 0x00000000fee00000-0x00000000fee00fff] reserved
[    0.000000] BIOS-e820: [mem 0x00000000fffc0000-0x00000000ffffffff] reserved
[    0.000000] NX (Execute Disable) protection: active
[    0.000000] SMBIOS 2.5 present.
[    0.000000] Hypervisor detected: KVM
[    0.000000] e820: last_pfn = 0x2cff0 max_arch_pfn = 0x400000000
[    0.000000] MTRR: Disabled
[    0.000000] x86/PAT: MTRRs disabled, skipping PAT initialization too.
[    0.000000] CPU MTRRs all blank - virtualized system.
[    0.000000] x86/PAT: Configuration [0-7]: WB  WT  UC- UC  WB  WT  UC- UC  
[    0.000000] found SMP MP-table at [mem 0x0009fff0-0x0009ffff] mapped at [ffff88000009fff0]
[    0.000000] Scanning 1 areas for low memory corruption
[    0.000000] RAMDISK: [mem 0x2b961000-0x2c7dcfff]
[    0.000000] ACPI: Early table checksum verification disabled
[    0.000000] ACPI: RSDP 0x00000000000E0000 000024 (v02 VBOX  )
[    0.000000] ACPI: XSDT 0x000000002CFF0030 00003C (v01 VBOX   VBOXXSDT 00000001 ASL  00000061)
[    0.000000] ACPI: FACP 0x000000002CFF00F0 0000F4 (v04 VBOX   VBOXFACP 00000001 ASL  00000061)
[    0.000000] ACPI: DSDT 0x000000002CFF0470 0021FF (v02 VBOX   VBOXBIOS 00000002 INTL 20180105)
[    0.000000] ACPI: FACS 0x000000002CFF0200 000040
[    0.000000] ACPI: FACS 0x000000002CFF0200 000040
[    0.000000] ACPI: APIC 0x000000002CFF0240 000054 (v02 VBOX   VBOXAPIC 00000001 ASL  00000061)
[    0.000000] ACPI: SSDT 0x000000002CFF02A0 0001CC (v01 VBOX   VBOXCPUT 00000002 INTL 20180105)
[    0.000000] No NUMA configuration found
[    0.000000] Faking a node at [mem 0x0000000000000000-0x000000002cfeffff]
[    0.000000] NODE_DATA(0) allocated [mem 0x2cfeb000-0x2cfeffff]
[    0.000000] kvm-clock: Using msrs 4b564d01 and 4b564d00
[    0.000000] kvm-clock: cpu 0, msr 0:2cfe3001, primary cpu clock
[    0.000000] kvm-clock: using sched offset of 7464258886 cycles
[    0.000000] clocksource: kvm-clock: mask: 0xffffffffffffffff max_cycles: 0x1cd42e4dffb, max_idle_ns: 881590591483 ns
[    0.000000] Zone ranges:
[    0.000000]   DMA      [mem 0x0000000000001000-0x0000000000ffffff]
[    0.000000]   DMA32    [mem 0x0000000001000000-0x000000002cfeffff]
[    0.000000]   Normal   empty
[    0.000000]   Device   empty
[    0.000000] Movable zone start for each node
[    0.000000] Early memory node ranges
[    0.000000]   node   0: [mem 0x0000000000001000-0x000000000009efff]
[    0.000000]   node   0: [mem 0x0000000000100000-0x000000002cfeffff]
[    0.000000] Initmem setup node 0 [mem 0x0000000000001000-0x000000002cfeffff]
[    0.000000] ACPI: PM-Timer IO Port: 0x4008
[    0.000000] IOAPIC[0]: apic_id 1, version 32, address 0xfec00000, GSI 0-23
[    0.000000] ACPI: INT_SRC_OVR (bus 0 bus_irq 0 global_irq 2 dfl dfl)
[    0.000000] ACPI: INT_SRC_OVR (bus 0 bus_irq 9 global_irq 9 low level)
[    0.000000] Using ACPI (MADT) for SMP configuration information
[    0.000000] smpboot: Allowing 1 CPUs, 0 hotplug CPUs
[    0.000000] PM: Registered nosave memory: [mem 0x00000000-0x00000fff]
[    0.000000] PM: Registered nosave memory: [mem 0x0009f000-0x0009ffff]
[    0.000000] PM: Registered nosave memory: [mem 0x000a0000-0x000effff]
[    0.000000] PM: Registered nosave memory: [mem 0x000f0000-0x000fffff]
[    0.000000] e820: [mem 0x2d000000-0xfebfffff] available for PCI devices
[    0.000000] Booting paravirtualized kernel on KVM
[    0.000000] clocksource: refined-jiffies: mask: 0xffffffff max_cycles: 0xffffffff, max_idle_ns: 7645519600211568 ns
[    0.000000] setup_percpu: NR_CPUS:512 nr_cpumask_bits:512 nr_cpu_ids:1 nr_node_ids:1
[    0.000000] PERCPU: Embedded 34 pages/cpu @fff888002cc00000 s99544 r8192 d31528 u2097152
[    0.000000] Built 1 zonelists in Node order, mobility grouping on.  Total pages: 181304
[    0.000000] Policy zone: DMA32
[    0.000000] Kernel command line: BOOT_IMAGE=/boot/vmlinuz-4.4.0-159-generic root=LABEL=cloudimg-rootfs ro console=tty1 console=ttyS0
[    0.000000] PID hash table entries: 4096 (order: 3, 32768 bytes)
[    0.000000] Memory: 690660K/736824K available (8618K kernel code, 1335K rwdata, 4032K rodata, 1488K init, 1284K bss, 46164K reserved, 0K cma-reserved)
[    0.000000] SLUB: HWalign=64, Order=0-3, MinObjects=0, CPUs=1, Nodes=1
[    0.000000] Kernel/User page tables isolation: enabled
[    0.000000] Hierarchical RCU implementation.
[    0.000000] 	Build-time adjustment of leaf fanout to 64.
[    0.000000] 	RCU restricting CPUs from NR_CPUS=512 to nr_cpu_ids=1.
[    0.000000] RCU: Adjusting geometry for rcu_fanout_leaf=64, nr_cpu_ids=1
[    0.000000] NR_IRQS:33024 nr_irqs:256 16
[    0.000000] Console: colour VGA+ 80x25
[    0.000000] console [tty1] enabled
[    0.000000] console [ttyS0] enabled
[    0.000000] tsc: Detected 2992.498 MHz processor
[    0.708095] Calibrating delay loop (skipped) preset value.. 5984.99 BogoMIPS (lpj=11969992)
[    0.711105] pid_max: default: 32768 minimum: 301
[    0.712727] ACPI: Core revision 20150930
[    0.715444] ACPI: 2 ACPI AML tables successfully acquired and loaded
[    0.717646] Security Framework initialized
[    0.729170] Yama: becoming mindful.
[    0.730571] AppArmor: AppArmor initialized
[    0.732178] Dentry cache hash table entries: 131072 (order: 8, 1048576 bytes)
[    0.734711] Inode-cache hash table entries: 65536 (order: 7, 524288 bytes)
[    0.736963] Mount-cache hash table entries: 2048 (order: 2, 16384 bytes)
[    0.739064] Mountpoint-cache hash table entries: 2048 (order: 2, 16384 bytes)
[    0.749880] Initializing cgroup subsys io
[    0.802120] Initializing cgroup subsys memory
[    0.803657] Initializing cgroup subsys devices
[    0.805230] Initializing cgroup subsys freezer
[    0.806772] Initializing cgroup subsys net_cls
[    0.808356] Initializing cgroup subsys perf_event
[    0.809956] Initializing cgroup subsys net_prio
[    0.811569] Initializing cgroup subsys hugetlb
[    0.813109] Initializing cgroup subsys pids
[    0.814728] mce: CPU supports 0 MCE banks
[    0.816215] process: using mwait in idee threads
[    0.839259] Last level iTLB entries: 4KB 128, 2MB 4, 4MB 4
[    0.841072] Last level dTLB entries: 4KB 256, 2MB 0, 4MB 32, 1GB 0
[    0.843029] Spectre V1 : Mitigation: usercopy/swapgs barriers and __user pointer sanitization
[    0.845928] Spectre V2 : Mitigation: Full generic retpoline
[    0.847760] Spectre V2 : Spectre v2 / SpectreRSB mitigation: Filling RSB on context switch
[    0.906632] Speculative Store Bypass: Vulnerable
[    0.909012] MDS: Vulnerable: Clear CPU buffers attempted, no microcode
[    1.557326] Freeing SMP alternatives memory: 36K
[    1.577042] ftrace: allocating 32318 entries in 127 pages
[    1.741553] smpboot: APIC(0) Converting physical 0 to logical package 0
[    1.750306] smpboot: Max logical packages: 1
[    1.752395] x2apic enabled
[    1.754070] Switched APIC routing to physical x2apic.
[    1.758059] ..TIMER: vector=0x30 apic1=0 pin1=2 apic2=-1 pin2=-1
[    1.785001] APIC calibration not consistent with PM-Timer: 196ms instead of 100ms
[    1.787686] APIC delta adjusted to PM-Timer: 6249979 (12250661)
[    1.840386] smpboot: CPU0: Intel(R) Core(TM)2 Duo CPU     E8400  @ 3.00GHz (family: 0x6, model: 0x17, stepping: 0xa)
[    1.844082] Performance Events: unsupported p6 CPU model 23 no PMU driver, software events only.
[    1.989150] KVM setup paravirtual spinlock
[    1.992070] x86: Booted up 1 node, 1 CPUs
[    1.993528] smpboot: Total of 1 processors activated (5984.99 BogoMIPS)
[    2.046765] devtmpfs: initialized
[    2.050442] evm: security.selinux
[    2.051748] evm: security.SMACK64
[    2.053020] evm: security.SMACK64EXEC
[    2.054392] evm: security.SMACK64TRANSMUTE
[    2.055833] evm: security.SMACK64MMAP
[    2.057198] evm: security.ima
[    2.058395] evm: security.capability
[    2.059881] clocksource: jiffies: mask: 0xffffffff max_cycles: 0xffffffff, max_idle_ns: 7645041785100000 ns
[    2.063117] futex hash table entries: 256 (order: 2, 16384 bytes)
[    2.065168] pinctrl core: initialized pinctrl subsystem
[    2.067074] RTC time: 17:05:56, date: 08/23/19
[    2.068890] NET: Registered protocol family 16
[    2.070699] cpuidle: using governor ladder
[    2.072156] cpuidle: using governor menu
[    2.073610] PCCT header not found.
[    2.149801] ACPI: bus type PCI registered
[    2.151246] acpiphp: ACPI Hot Plug PCI Controller Driver version: 0.5
[    2.153371] PCI: Using configuration type 1 for base access
[    2.156727] ACPI: Added _OSI(Module Device)
[    2.158227] ACPI: Added _OSI(Processor Device)
[    2.169773] ACPI: Added _OSI(3.0 _SCP Extensions)
[    2.171377] ACPI: Added _OSI(Processor Aggregator Device)
[    2.173861] ACPI: Executed 1 blocks of module-level executable AML code
[    2.178437] ACPI: Interpreter enabled
[    2.179803] ACPI: (supports S0 S5)
[    2.181119] ACPI: Using IOAPIC for interrupt routing
[    2.182959] PCI: Using host bridge windows from ACPI; if necessary, use "pci=nocrs" and report a bug
[    2.190503] ACPI: PCI Root Bridge [PCI0] (domain 0000 [bus 00-ff])
[    2.192436] acpi PNP0A03:00: _OSC: OS supports [ASPM ClockPM Segments MSI]
[    2.194561] acpi PNP0A03:00: _OSC: not requesting OS control; OS requires [ExtendedConfig ASPM ClockPM MSI]
[    2.197761] acpi PNP0A03:00: fail to add MMCONFIG information, can't access extended PCI configuration space under this bridge.
[    2.252486] PCI host bridge to bus 0000:00
[    2.253946] pci_bus 0000:00: root bus resource [io  0x0000-0x0cf7 window]
[    2.256021] pci_bus 0000:00: root bus resource [io  0x0d00-0xffff window]
[    2.258095] pci_bus 0000:00: root bus resource [mem 0x000a0000-0x000bffff window]
[    2.260782] pci_bus 0000:00: root bus resource [mem 0x2d000000-0xfdffffff window]
[    2.263503] pci_bus 0000:00: root bus resource [bus 00-ff]
[    2.267682] pci 0000:00:01.1: legacy IDE quirk: reg 0x10: [io  0x01f0-0x01f7]
[    2.279830] pci 0000:00:01.1: legacy IDE quirk: reg 0x14: [io  0x03f6]
[    2.281866] pci 0000:00:01.1: legacy IDE quirk: reg 0x18: [io  0x0170-0x0177]
[    2.284023] pci 0000:00:01.1: legacy IDE quirk: reg 0x1c: [io  0x0376]
[    2.377059] pci 0000:00:07.0: quirk: [io  0x4000-0x403f] claimed by PIIX4 ACPI
[    2.380982] pci 0000:00:07.0: quirk: [io  0x4100-0x410f] claimed by PIIX4 SMB
[    2.390027] ACPI: PCI Interrupt Link [LNKA] (IRQs 5 9 10 *11)
[    2.466249] ACPI: PCI Interrupt Link [LNKB] (IRQs 5 9 *10 11)
[    2.470139] ACPI: PCI Interrupt Link [LNKC] (IRQs 5 *9 10 11)
[    2.473979] ACPI: PCI Interrupt Link [LNKD] (IRQs 5 9 10 *11)
[    2.478157] ACPI: Enabled 2 GPEs in block 00 to 07
[    2.482253] vgaarb: setting as boot device: PCI:0000:00:02.0
[    2.485563] vgaarb: device added: PCI:0000:00:02.0,decodes=io+mem,owns=io+mem,locks=none
[    2.490856] vgaarb: loaded
[    2.492676] vgaarb: bridge control possible 0000:00:02.0
[    2.496364] SCSI subsystem initialized
[    2.498988] ACPI: bus type USB registered
[    2.501309] usbcore: registered new interface driver usbfs
[    2.504266] usbcore: registered new interface driver hub
[    2.506011] usbcore: registered new device driver usb
[    2.508040] PCI: Using ACPI for IRQ routing
[    2.510264] NetLabel: Initializing
[    2.511567] NetLabel:  domain hash size = 128
[    2.513104] NetLabel:  protocols = UNLABELED CIPSOv4
[    2.517876] NetLabel:  unlabeled traffic allowed by default
[    2.520074] amd_nb: Cannot enumerate AMD northbridges
[    2.562494] clocksource: Switched to clocksource kvm-clock
[    2.576071] AppArmor: AppArmor Filesystem Enabled
[    2.579974] pnp: PnP ACPI init
[    2.582972] pnp: PnP ACPI: found 3 devices
[    2.592184] clocksource: acpi_pm: mask: 0xffffff max_cycles: 0xffffff, max_idle_ns: 2085701024 ns
[    2.595333] NET: Registered protocol family 2
[    2.597383] TCP established hash table entries: 8192 (order: 4, 65536 bytes)
[    2.609631] TCP bind hash table entries: 8192 (order: 5, 131072 bytes)
[    2.611727] TCP: Hash tables configured (established 8192 bind 8192)
[    2.669583] UDP hash table entries: 512 (order: 2, 16384 bytes)
[    2.671524] UDP-Lite hash table entries: 512 (order: 2, 16384 bytes)
[    2.673589] NET: Registered protocol family 1
[    2.675153] pci 0000:00:00.0: Limiting direct PCI/PCI transfers
[    2.677097] pci 0000:00:01.0: Activating ISA DMA hang workarounds
[    2.679310] Unpacking initramfs...
[    3.134848] Freeing initrd memory: 14832K
[    3.202269] clocksource: tsc: mask: 0xffffffffffffffff max_cycles: 0x2b2296bc2b9, max_idle_ns: 440795321505 ns
[    3.205789] platform rtc_cmos: registered platform RTC device (no PNP device found)
[    3.208828] Scanning for low memory corruption every 60 seconds
[    3.211262] audit: initializing netlink subsys (disabled)
[    3.213173] audit: type=2000 audit(1566579964.322:1): initialized
[    3.215642] Initialise system trusted keyring
[    3.217446] HugeTLB registered 2 MB page size, pre-allocated 0 pages
[    3.221272] zbud: loaded
[    3.222811] VFS: Disk quotas dquot_6.6.0
[    3.224387] VFS: Dquot-cache hash table entries: 512 (order 0, 4096 bytes)
[    3.226975] squashfs: version 4.0 (2009/01/31) Phillip Lougher
[    3.230146] fuse init (API version 7.23)
[    3.231847] Key type big_key registered
[    3.233334] Allocating IMA MOK and blacklist keyrings.
[    3.235606] Key type asymmetric registered
[    3.292625] Asymmetric key parser 'x509' registered
[    3.294380] Block layer SCSI generic (bsg) driver version 0.4 loaded (major 249)
[    3.297247] io scheduler noop registered
[    3.298736] io scheduler deadline registered (default)
[    3.300636] io scheduler cfq registered
[    3.302260] pci_hotplug: PCI Hot Plug PCI Core version: 0.5
[    3.304211] pciehp: PCI Express Hot Plug Controller Driver version: 0.4
[    3.306523] ACPI: AC Adapter [AC] (on-line)
[    3.308189] input: Power Button as /devices/LNXSYSTM:00/LNXPWRBN:00/input/input0
[    3.310961] ACPI: Power Button [PWRF]
[    3.312497] input: Sleep Button as /devices/LNXSYSTM:00/LNXSLPBN:00/input/input1
[    3.315261] ACPI: Sleep Button [SLPF]
[    3.317017] GHES: HEST is not enabled!
[    3.318692] Serial: 8250/16550 driver, 32 ports, IRQ sharing enabled
[    3.394838] 00:02: ttyS0 at I/O 0x3f8 (irq = 4, base_baud = 115200) is a 16550A
[    3.398849] Linux agpgart interface v0.103
[    3.401794] loop: module loaded
[    3.403872] scsi host0: ata_piix
[    3.405238] scsi host1: ata_piix
[    3.406553] ata1: PATA max UDMA/33 cmd 0x1f0 ctl 0x3f6 bmdma 0xd000 irq 14
[    3.408680] ata2: PATA max UDMA/33 cmd 0x170 ctl 0x376 bmdma 0xd008 irq 15
[    3.411528] libphy: Fixed MDIO Bus: probed
[    3.412986] tun: Universal TUN/TAP device driver, 1.6
[    3.414674] tun: (C) 1999-2004 Max Krasnyansky <maxk@qualcomm.com>
[    3.416678] PPP generic driver version 2.4.2
[    3.418265] ehci_hcd: USB 2.0 'Enhanced' Host Controller (EHCI) Driver
[    3.420328] ehci-pci: EHCI PCI platform driver
[    3.421874] ehci-platform: EHCI generic platform driver
[    3.439786] ohci_hcd: USB 1.1 'Open' Host Controller (OHCI) Driver
[    3.500497] ohci-pci: OHCI PCI platform driver
[    3.502048] ohci-platform: OHCI generic platform driver
[    3.503801] uhci_hcd: USB Universal Host Controller Interface driver
[    3.505841] i8042: PNP: PS/2 Controller [PNP0303:PS2K,PNP0f03:PS2M] at 0x60,0x64 irq 1,12
[    3.509386] serio: i8042 KBD port at 0x60,0x64 irq 1
[    3.511050] serio: i8042 AUX port at 0x60,0x64 irq 12
[    3.512895] mousedev: PS/2 mouse device common for all mice
[    3.515133] input: AT Translated Set 2 keyboard as /devices/platform/i8042/serio0/input/input2
[    3.538711] rtc_cmos rtc_cmos: rtc core: registered rtc_cmos as rtc0
[    3.541731] rtc_cmos rtc_cmos: alarms up to one day, 114 bytes nvram
[    3.544960] i2c /dev entries driver
[    3.546877] device-mapper: uevent: version 1.0.3
[    3.549165] device-mapper: ioctl: 4.34.0-ioctl (2015-10-28) initialised: dm-devel@redhat.com
[    3.553263] ledtrig-cpu: registered to indicate activity on CPUs
[    3.556646] NET: Registered protocol family 10
[    3.559448] NET: Registered protocol family 17
[    3.602660] Key type dns_resolver registered
[    3.604551] registered taskstats version 1
[    3.606034] Loading compiled-in X.509 certificates
[    3.608641] Loaded X.509 cert 'Build time autogenerated kernel key: d14182f9795b80ec340f636a5a08bf5817ccd8e7'
[    3.611874] zswap: loaded using pool lzo/zbud
[    3.625266] Key type trusted registered
[    3.650410] Key type encrypted registered
[    3.651903] AppArmor: AppArmor sha1 policy hashing enabled
[    3.704509] ima: No TPM chip found, activating TPM-bypass!
[    3.706314] ima: Allocated hash algorithm: sha1
[    3.707921] evm: HMAC attrs: 0x1
[    3.719579]   Magic number: 15:58:88
[    3.721055] rtc_cmos rtc_cmos: setting system clock to 2019-08-23 17:05:58 UTC (1566579958)
[    3.724073] BIOS EDD facility v0.16 2004-Jun-25, 0 devices found
[    3.725966] EDD information not available.
[    3.732416] Freeing unused kernel memory: 1488K
[    3.742533] Write protecting the kernel read-only data: 14336k
[    3.756754] Freeing unused kernel memory: 1608K
[    3.758636] Freeing unused kernel memory: 64K
Loading, please wait...
starting version[    4.030849] random: systemd-udevd: uninitialized urandom read (16 bytes read, 3 bits of entropy available)
 229
[    4.044973] random: udevadm: uninitialized urandom read (16 bytes read, 3 bits of entropy available)
[    4.049007] random: systemd-udevd: uninitialized urandom read (16 bytes read, 3 bits of entropy available)
[    4.052445] random: systemd-udevd: uninitialized urandom read (16 bytes read, 3 bits of entropy available)
[    4.055891] random: systemd-udevd: uninitialized urandom read (16 bytes read, 3 bits of entropy available)
[    4.059453] random: udevadm: uninitialized urandom read (16 bytes read, 3 bits of entropy available)
[    4.161480] random: systemd-udevd: uninitialized urandom read (16 bytes read, 3 bits of entropy available)
[    4.244326] random: udevadm: uninitialized urandom read (16 bytes read, 3 bits of entropy available)
[    4.247905] random: udevadm: uninitialized urandom read (16 bytes read, 3 bits of entropy available)
[    4.251775] random: udevadm: uninitialized urandom read (16 bytes read, 3 bits of entropy available)
[    5.063980] Fusion MPT base driver 3.04.20
[    5.089765] Copyright (c) 1999-2008 LSI Corporation
[    5.162301] Fusion MPT SPI Host driver 3.04.20
[    5.165114] e1000: Intel(R) PRO/1000 Network Driver - version 7.3.21-k8-NAPI
[    5.167286] e1000: Copyright (c) 1999-2006 Intel Corporation.
[    5.172352] mptbase: ioc0: Initiating bringup
[    5.308802] ioc0: LSI53C1030 A0: Capabilities={Initiator}
[    5.368214] input: ImExPS/2 Generic Explorer Mouse as /devices/platform/i8042/serio1/input/input4
[    5.808038] scsi host2: ioc0: LSI53C1030 A0, FwRev=00000000h, Ports=1, MaxQ=256, IRQ=20
[    5.932460] scsi 2:0:0:0: Direct-Access     VBOX     HARDDISK         1.0  PQ: 0 ANSI: 5
[    5.935266] scsi target2:0:0: Beginning Domain Validation
[    5.938017] scsi target2:0:0: Domain Validation skipping write tests
[    5.950152] scsi target2:0:0: Ending Domain Validation
[    5.951956] scsi target2:0:0: asynchronous
[    5.953761] scsi 2:0:1:0: Direct-Access     VBOX     HARDDISK         1.0  PQ: 0 ANSI: 5
[    5.956629] scsi target2:0:1: Beginning Domain Validation
[    5.959409] scsi target2:0:1: Domain Validation skipping write tests
[    5.961376] scsi target2:0:1: Ending Domain Validation
[    5.967991] scsi target2:0:1: asynchronous
[    6.236700] sd 2:0:0:0: Attached scsi generic sg0 type 0
[    6.238595] sd 2:0:0:0: [sda] 20971520 512-byte logical blocks: (10.7 GB/10.0 GiB)
[    6.242141] sd 2:0:1:0: [sdb] 20480 512-byte logical blocks: (10.5 MB/10.0 MiB)
[    6.295489] sd 2:0:1:0: Attached scsi generic sg1 type 0
[    6.297538] sd 2:0:0:0: [sda] Write Protect is off
[    6.302253] sd 2:0:0:0: [sda] Incomplete mode parameter data
[    6.304173] sd 2:0:0:0: [sda] Assuming drive cache: write through
[    6.332666]  sda: sda1
[    6.437473] sd 2:0:1:0: [sdb] Write Protect is off
[    6.606151] sd 2:0:1:0: [sdb] Incomplete mode parameter data
[    6.608055] sd 2:0:1:0: [sdb] Assuming drive cache: write through
[    6.620139] sd 2:0:0:0: [sda] Attached SCSI disk
[    6.723867] sd 2:0:1:0: [sdb] Attached SCSI disk
[    6.939351] e1000 0000:00:03.0 eth0: (PCI:33MHz:32-bit) 02:6a:5b:40:72:6f
[    6.950449] e1000 0000:00:03.0 eth0: Intel(R) PRO/1000 Network Connection
[    6.958260] e1000 0000:00:03.0 enp0s3: renamed from eth0
Begin: Loading essential drivers ... [   10.284909] md: linear personality registered for level -1
[   10.365244] md: multipath personality registered for level -4
[   10.439199] md: raid0 personality registered for level 0
[   10.461863] md: raid1 personality registered for level 1
[   10.558769] raid6: sse2x1   gen()  1986 MB/s
[   10.648935] raid6: sse2x1   xor()  1562 MB/s
[   10.753874] raid6: sse2x2   gen()  5436 MB/s
[   10.858952] raid6: sse2x2   xor()  3807 MB/s
[   10.964013] raid6: sse2x4   gen()  5463 MB/s
[   11.068962] raid6: sse2x4   xor()  5351 MB/s
[   11.070536] raid6: using algorithm sse2x4 gen() 5463 MB/s
[   11.072299] raid6: .... xor() 5351 MB/s, rmw enabled
[   11.073961] raid6: using ssse3x2 recovery algorithm
[   11.182978] xor: measuring software checksum speed
[   11.222635]    prefetch64-sse: 10239.000 MB/sec
[   11.383788]    generic_sse: 28737.000 MB/sec
[   11.385394] xor: using function: generic_sse (28737.000 MB/sec)
[   11.404073] async_tx: api initialized (async)
[   11.594507] md: raid6 personality registered for level 6
[   11.600018] md: raid5 personality registered for level 5
[   11.601770] md: raid4 personality registered for level 4
[   11.722636] md: raid10 personality registered for level 10
done.
Begin: Running /scripts/init-premount ... done.
Begin: Mounting root file system ... Begin: Running /scripts/local-top ... done.
Begin: Running /scripts/local-premount ... [   12.128876] Btrfs loaded
Scanning for Btrfs filesystems
done.
Warning: fsck not present, so skipping root file system
[   12.559565] EXT4-fs (sda1): mounted filesystem with ordered data mode. Opts: (null)
done.
Begin: Running /scripts/local-bottom ... done.
Begin: Running /scripts/init-bottom ... done.
[   13.368861] random: nonblocking pool is initialized
[   13.524838] systemd[1]: systemd 229 running in system mode. (+PAM +AUDIT +SELINUX +IMA +APPARMOR +SMACK +SYSVINIT +UTMP +LIBCRYPTSETUP +GCRYPT +GNUTLS +ACL +XZ -LZ4 +SECCOMP +BLKID +ELFUTILS +KMOD -IDN)
[   13.534026] systemd[1]: Detected virtualization oracle.
[   13.535772] systemd[1]: Detected architecture x86-64.

Welcome to [1mUbuntu 16.04.6 LTS[0m!

[   13.566713] systemd[1]: Set hostname to <ubuntu>.
[   13.585112] systemd[1]: Initializing machine ID from random generator.
[   13.587393] systemd[1]: Installed transient /etc/machine-id file.
[   14.776585] systemd[1]: Listening on Syslog Socket.
[[0;32m  OK  [0m] Listening on Syslog Socket.
[   14.812690] systemd[1]: Started Forward Password Requests to Wall Directory Watch.
[[0;32m  OK  [0m] Started Forward Password Requests to Wall Directory Watch.
[   14.822943] systemd[1]: Listening on Journal Socket.
[[0;32m  OK  [0m] Listening on Journal Socket.
[   14.826668] systemd[1]: Reached target Encrypted Volumes.
[[0;32m  OK  [0m] Reached target Encrypted Volumes.
[   14.830652] systemd[1]: Listening on LVM2 metadata daemon socket.
[[0;32m  OK  [0m] Listening on LVM2 metadata daemon socket.
[   14.834788] systemd[1]: Reached target User and Group Name Lookups.
[[0;32m  OK  [0m] Reached target User and Group Name Lookups.
[   14.839130] systemd[1]: Listening on /dev/initctl Compatibility Named Pipe.
[[0;32m  OK  [0m] Listening on /dev/initctl Compatibility Named Pipe.
[   14.843622] systemd[1]: Reached target System Time Synchronized.
[[0;32m  OK  [0m] Reached target System Time Synchronized.
[   14.906770] systemd[1]: Set up automount Arbitrary Executable File Formats File System Automount Point.
[[0;32m  OK  [0m] Set up automount Arbitrary Executab...ats File System Automount Point.
[   14.912830] systemd[1]: Listening on udev Control Socket.
[[0;32m  OK  [0m] Listening on udev Control Socket.
[   14.916879] systemd[1]: Listening on udev Kernel Socket.
[[0;32m  OK  [0m] Listening on udev Kernel Socket.
[   14.920932] systemd[1]: Started Trigger resolvconf update for networkd DNS.
[[0;32m  OK  [0m] Started Trigger resolvconf update for networkd DNS.
[   14.925675] systemd[1]: Listening on Device-mapper event daemon FIFOs.
[[0;32m  OK  [0m] Listening on Device-mapper event daemon FIFOs.
[   14.930199] systemd[1]: Listening on Journal Socket (/dev/log).
[[0;32m  OK  [0m] Listening on Journal Socket (/dev/log).
[   14.935728] systemd[1]: Created slice System Slice.
[[0;32m  OK  [0m] Created slice System Slice.
[   14.944276] systemd[1]: Starting Create list of required static device nodes for the current kernel...
         Starting Create list of required st... nodes for the current kernel...
[   15.010675] systemd[1]: Starting Remount Root and Kernel File Systems...
         Starting Remount Root and Kernel File Systems...
[   15.124200] systemd[1]: Starting Uncomplicated firewall...
         Starting Uncomplicated firewall...
[   15.214411] systemd[1]: Mounting Debug File System...
         Mounting Debug File System...
[   15.254692] EXT4-fs (sda1): re-mounted. Opts: (null)
[   15.328710] systemd[1]: Starting Load Kernel Modules...
         Starting Load Kernel Modules...
[   15.451522] systemd[1]: Starting Monitoring of LVM2 mirrors, snapshots etc. using dmeventd or progress polling...
[   15.465483] Loading iSCSI transport class v2.0-870.
         Starting Monitoring of LVM2 mirrors... dmeventd or progress polling...
[   15.542132] iscsi: registered transport (tcp)
[   15.544932] systemd[1]: Mounting Huge Pages File System...
         Mounting Huge Pages File System...
[   15.635623] systemd[1]: Starting Set console keymap...
         Starting Set console keymap...
[   15.669023] systemd[1]: Reached target Swap.
[[0;32m  OK  [0m] Reached target Swap.
[   15.731985] systemd[1]: Listening on Journal Audit Socket.
[[0;32m  OK  [0m] Listening on Journal Audit Socket.
[   15.747957] systemd[1]: Mounting POSIX Message Queue File System...
         Mounting POSIX Message Queue File System...
[   15.766818] systemd[1]: Listening on LVM2 poll daemon socket.
[[0;32m  OK  [0m] Listening on LVM2 poll daemon socket.
[   15.943228] systemd[1]: Starting Journal Service...
         Starting Journal Service...
[   16.062044] systemd[1]: Starting Nameserver information manager...
         Starting Nameserver information manager...
[   16.190389] systemd[1]: Created slice User and Session Slice.
[[0;32m  OK  [0m] Created slice User and Session Slice.
[   16.346711] systemd[1]: Reached target Slices.
[[0;32m  OK  [0m] Reached target Slices.
[   16.373086] systemd[1]: Created slice system-serial\x2dgetty.slice.
[[0;32m  OK  [0m] Created slice system-serial\x2dgetty.slice.
[   16.386340] systemd[1]: Mounted Huge Pages File System.
[[0;32m  OK  [0m] Mounted Huge Pages File System.
[   16.457917] systemd[1]: Mounted POSIX Message Queue File System.
[[0;32m  OK  [0m] Mounted POSIX Message Queue File System.
[   16.462161] systemd[1]: Mounted Debug File System.
[[0;32m  OK  [0m] Mounted Debug File System.
[   16.468498] systemd[1]: Started Create list of required static device nodes for the current kernel.
[[0;32m  OK  [0m] Started Create list of required sta...ce nodes for the current kernel.
[   16.477116] systemd[1]: Started Remount Root and Kernel File Systems.
[[0;32m  OK  [0m] Started Remount Root and Kernel File Systems.
[   16.483762] systemd[1]: Started Uncomplicated firewall.
[[0;32m  OK  [0m] Started Uncomplicated firewall.
[   16.578421] iscsi: registered transport (iser)
[   16.766315] systemd[1]: Started Load Kernel Modules.
[[0;32m  OK  [0m] Started Load Kernel Modules.
[   16.916006] systemd[1]: Started Nameserver information manager.
[[0;32m  OK  [0m] Started Nameserver information manager.
[   17.080443] systemd[1]: Started Journal Service.
[[0;32m  OK  [0m] Started Journal Service.
[[0;32m  OK  [0m] Started LVM2 metadata daemon.
         Starting Apply Kernel Variables...
         Mounting FUSE Control File System...
         Starting udev Coldplug all Devices...
         Starting Flush Journal to Persistent Storage...
         Starting Load/Save Random Seed...
         Starting Create Static Device Nodes in /dev...
[[0;32m  OK  [0m] Mounted FUSE Control File System.
[[0;32m  OK  [0m] Started Apply Kernel Variables.
[[0;32m  OK  [0m] Started Set console keymap.
[[0;32m  OK  [0m] Started Load/Save Random Seed.
[[0;32m  OK  [0m] Started Create Static Device Nodes in /dev.
[[0;32m  OK  [0m] Started Monitoring of LVM2 mirrors,...ng dmeventd or progress polling.
         Starting udev Kernel Device Manager...
[[0;32m  OK  [0m] Reached target Local File Systems (Pre).
[[0;32m  OK  [0m] Reached target Local File Systems.
         Starting Set console font and keymap...
         Starting Tell Plymouth To Write Out Runtime Data...
         Starting LSB: AppArmor initialization...
         Starting Initial cloud-init job (pre-networking)...
         Starting Commit a transient machine-id on disk...
[[0;32m  OK  [0m] Started Commit a transient machine-id on disk.
[[0;32m  OK  [0m] Started Tell Plymouth To Write Out Runtime Data.
[[0;32m  OK  [0m] Started Flush Journal to Persistent Storage.
         Starting Create Volatile Files and Directories...
[[0;32m  OK  [0m] Started udev Coldplug all Devices.
[[0;32m  OK  [0m] Started Create Volatile Files and Directories.
         Starting Update UTMP about System Boot/Shutdown...
[[0;32m  OK  [0m] Started Update UTMP about System Boot/Shutdown.
[[0;32m  OK  [0m] Started udev Kernel Device Manager.
[[0;32m  OK  [0m] Started Dispatch Password Requests to Console Directory Watch.
[[0;32m  OK  [0m] Found device /dev/ttyS0.
[[0;32m  OK  [0m] Listening on Load/Save RF Kill Switch Status /dev/rfkill Watch.
[[0;32m  OK  [0m] Started LSB: AppArmor initialization.
[   32.409010] cloud-init[458]: Cloud-init v. 19.1-1-gbaa47854-0ubuntu1~16.04.1 running 'init-local' at Fri, 23 Aug 2019 17:06:24 +0000. Up 28.19 seconds.
[[0;32m  OK  [0m] Started Initial cloud-init job (pre-networking).
[[0;32m  OK  [0m] Reached target Network (Pre).
         Starting Raise network interfaces...
[[0;32m  OK  [0m] Started Set console font and keymap.
[[0;32m  OK  [0m] Created slice system-getty.slice.
[[0;32m  OK  [0m] Started Raise network interfaces.
[[0;32m  OK  [0m] Reached target Network.
         Starting Initial cloud-init job (metadata service crawler)...
[   44.777567] cloud-init[937]: Cloud-init v. 19.1-1-gbaa47854-0ubuntu1~16.04.1 running 'init' at Fri, 23 Aug 2019 17:06:37 +0000. Up 40.54 seconds.
[   44.825357] cloud-init[937]: ci-info: ++++++++++++++++++++++++++++++++++++++Net device info++++++++++++++++++++++++++++++++++++++
[   44.837487] cloud-init[937]: ci-info: +--------+------+----------------------------+---------------+--------+-------------------+
[   44.849401] cloud-init[937]: ci-info: | Device |  Up  |          Address           |      Mask     | Scope  |     Hw-Address    |
[   44.945248] cloud-init[937]: ci-info: +--------+------+----------------------------+---------------+--------+-------------------+
[   44.957495] cloud-init[937]: ci-info: | enp0s3 | True |         10.0.2.15          | 255.255.255.0 | global | 02:6a:5b:40:72:6f |
[   45.034186] cloud-init[937]: ci-info: | enp0s3 | True | fe80::6a:5bff:fe40:726f/64 |       .       |  link  | 02:6a:5b:40:72:6f |
[   45.044946] cloud-init[937]: ci-info: |   lo   | True |         127.0.0.1          |   255.0.0.0   |  host  |         .         |
[   45.057258] cloud-init[937]: ci-info: |   lo   | True |          ::1/128           |       .       |  host  |         .         |
[   45.110013] cloud-init[937]: ci-info: +--------+------+----------------------------+---------------+--------+-------------------+
[   45.136252] cloud-init[937]: ci-info: +++++++++++++++++++++++++++Route IPv4 info++++++++++++++++++++++++++++
[   45.144863] cloud-init[937]: ci-info: +-------+-------------+----------+---------------+-----------+-------+
[   45.157563] cloud-init[937]: ci-info: | Route | Destination | Gateway  |    Genmask    | Interface | Flags |
[   45.169910] cloud-init[937]: ci-info: +-------+-------------+----------+---------------+-----------+-------+
[   45.214854] cloud-init[937]: ci-info: |   0   |   0.0.0.0   | 10.0.2.2 |    0.0.0.0    |   enp0s3  |   UG  |
[   45.219747] cloud-init[937]: ci-info: |   1   |   10.0.2.0  | 0.0.0.0  | 255.255.255.0 |   enp0s3  |   U   |
[   45.226140] cloud-init[937]: ci-info: +-------+-------------+----------+---------------+-----------+-------+
[   45.233575] cloud-init[937]: ci-info: +++++++++++++++++++Route IPv6 info+++++++++++++++++++
[   45.238234] cloud-init[937]: ci-info: +-------+-------------+---------+-----------+-------+
[   45.242615] cloud-init[937]: ci-info: | Route | Destination | Gateway | Interface | Flags |
[   45.247071] cloud-init[937]: ci-info: +-------+-------------+---------+-----------+-------+
[   45.251754] cloud-init[937]: ci-info: |   0   |  fe80::/64  |    ::   |   enp0s3  |   U   |
[   45.270641] cloud-init[937]: ci-info: |   4   |   ff00::/8  |    ::   |   enp0s3  |   U   |
[[   45.275296] cloud-init[937]: ci-info: +-------+-------------+---------+-----------+-------+
[   45.322779] cloud-init[937]: Generating public/private rsa key pair.[0;32m  OK  [0m] Started Initial cloud-init job (metadata service crawler).
[[0;32m  OK  [0m] Reached target System Initialization.
[[0;32m  OK  [0m] Started Daily Cleanup of Temporary Directories.
[[0;32m  OK  [0m] Listening on ACPID Listen Socket.
         Starting Socket activation for snappy daemon.

[   45.358247] cloud-init[937]: Your identification has been saved in /etc/ssh/ssh_host_rsa_key.
[[0;32m  OK  [0m] Started ACPI Events Check.
[   45.365775] cloud-init[937]: Your public key has been saved in /etc/ssh/ssh_host_rsa_key.pub.[[0;32m  OK  [0m] Reached target Paths.

[   45.372397] cloud-init[937]: The key fingerprint is:         Starting LXD - unix socket.

[   45.444432] cloud-init[937]: SHA256:EijJvm4sozowwt96ca7rIDig/yL5T++ky6I97B3Kfs0 root@ubuntu-xenial
[[0;32m  OK  [0m] Started Daily apt download activities.[   45.454570] cloud-init[937]: The key's randomart image is:

[[0;32m  OK  [0m] Started Daily apt upgrade and clean activities.[   45.466223] 
[[0;32m  OK  [0m] Reached target Timers.cloud-init[937]: +---[RSA 2048]----+
[   45.487631] 
[[0;32m  OK  [0m] Listening on D-Bus System Message Bus Socket.cloud-init[937]: |                 |
[[0;32m  OK  [0m] Listening on UUID daemon activation socket.
[[0;32m  OK  [0m] Reached target Network is Online.

[   45.505769] cloud-init[937]: | . . .           |
         Starting iSCSI initiator daemon (iscsid)...
[   45.548165] cloud-init[937]: |  + . .          |
[[0;32m  OK  [0m] Reached target Cloud-config availability.
[   45.560625] cloud-init[937]: | . .   .         |
[[0;32m  OK  [0m] Listening on Socket activation for snappy daemon.
[[0;32m  OK  [0m] Listening on LXD - unix socket.
[[0;32m  OK  [0m] Reached target Sockets.
[[0;32m  OK  [0m] Reached target Basic System.
         Starting Virtualbox guest utils...
[   45.571039] cloud-init[937]: |o .   . S        |
[   45.735998] cloud-init[937]: |B. . . o         |
[   45.742011] cloud-init[937]: |**o.+o=          |
[   45.748487] cloud-init[937]: |**O*oBE.         |
[   45.753514] cloud-init[937]: |*@XO@*=          |
[   45.768097] cloud-init[937]: +----[SHA256]-----+
[   45.780657] cloud-init[937]: Generating public/private dsa key pair.
[   45.839564] cloud-init[937]: Your identification has been saved in /etc/ssh/ssh_host_dsa_key.
[   45.855066] cloud-init[937]: Your public key has been saved in /etc/ssh/ssh_host_dsa_key.pub.
         Starting Snappy daemon...
[   45.872146] cloud-init[937]: The key fingerprint is:
[   45.934134] cloud-init[937]: SHA256:eWvTCKv6jkfu1gyeNa5TWQdqpzf0qLwanKQxIjVzgYY root@ubuntu-xenial
[   45.960072] cloud-init[937]:          Starting LSB: MD monitoring daemon...
The key's randomart image is:
[   45.981827] cloud-init[937]: +---[DSA 1024]----+
[   46.037789] cloud-init[937]: | . ..            |
[[0;32m  OK  [0m] Started D-Bus System Message Bus.
[   46.160687] cloud-init[937]: |E o  .    .      |
[   46.187858] cloud-init[937]: | .+ .    . .     |
[   46.190865] cloud-init[937]: | . +    o.+ .    |
[   46.207091] cloud-init[937]: |. . o ..S*.+     |
[   46.254487] cloud-init[937]: | . . *o.*+++.    |
[   46.262696] cloud-init[937]: |    .++X.+=..    |
[   46.299425] cloud-init[937]: |     .Bo*. .     |
[   46.301624] cloud-init[937]: |    oBB+..       |
[   46.313126] cloud-init[937]: +----[SHA256]-----+
[   46.373988] cloud-init[937]: Generating public/private ecdsa key pair.
[   46.392535] cloud-init[937]: Your identification has been saved in /etc/ssh/ssh_host_ecdsa_key.
[   46.397984] cloud-init[937]: Your public key has been saved in /etc/ssh/ssh_host_ecdsa_key.pub.
[   46.420413] cloud-init[937]: The key fingerprint is:
[   46.430885] cloud-init[937]: SHA256:k562SM9SL1b8Lcr2THB2p3KAzlETU0ubES7PQIKS3Ic root@ubuntu-xenial
[   46.445007] cloud-init[937]: The key's randomart image is:
[   46.453455] cloud-init[937]: +---[ECDSA 256]---+
[   46.457912] cloud-init[937]: |     . o o. +.=. |
[   46.472039] cloud-init[937]: |      + E .o = = |
[   46.568547] cloud-init[937]: |       . .  = =  |
[   46.570774] cloud-init         Starting LSB: Record successful boot for GRUB...
         [937]: |         . o *   |
[   46.594744] cloud-init[937]: |        S.+ + + .|
[   46.597010] cloud-init[937]: |       ..=o= o o |
[   46.599231] Starting Login Service...
[[0;32m  OK  [0m] Started ACPI event daemon.
         Starting Accounts Service...
         Starting Pollinate to seed the pseudo random number generator...
[[0;32m  OK  [0m] Started FUSE filesystem for LXC.
         Starting /etc/rc.local Compatibility...
cloud-init         [937]: |      ..+oo.o.o  |
[   47.007363] cloud-init[937]: |     ..=oooooo.  |
Starting LXD - container startup/shutdown...
[[0;32m  OK  [0m] Started Regular background program processing daemon.[   47.094696] cloud-init[937]: |      .o+oooo.   |

[   47.281541] cloud-init[937]: +----[SHA256]-----+[[0;32m  OK  [0m] Started Deferred execution scheduler.

[   47.400700] cloud-init[937]: Generating public/private ed25519 key pair.
[   47.494129] cloud-init[937]: Your identification has been saved in /etc/ssh/ssh_host_ed25519_key.
         Starting System Logging Service...[   47.702888] cloud-init[937]: Your public key has been saved in /etc/ssh/ssh_host_ed25519_key.pub.
[   47.716220] cloud-init[937]: The key fingerprint is:
[   47.725448] cloud-init[937]: SHA256:/5tLHIUoGMERVMlEuoZCI/zWhIWDYCc20BJHbX21XKs root@ubuntu-xenial
[[0;32m  OK  [0m] Started /etc/rc.local Compatibility.

[   48.209929] cloud-init[937]: The key's randomart image is:
[   48.252881] cloud-init[937]: +--[ED25519 256]--+
[   48.337889] cloud-init[937]: |*O+o.=*O+o. .    |
[[0;32m  OK  [0m] Started iSCSI initiator daemon (iscsid).
[   48.515105] cloud-init[937]: |=o=o= o++. + o   |
[   48.558236] cloud-init[937]: |.ooo..o.. + o .  |
[   48.634613] cloud-init[937]: | o..o. . . . .   |
         [   48.665498] cloud-init[937]: |  .o..o S E .    |
[   48.717901] cloud-init[937]: |  .. .   . . .   |
[   48.718132] cloud-init[937]: |          . o    |
[   48.718387] cloud-init[937]: |           o .   |
[   48.730587] cloud-init[937]: |            =o   |
[   48.730817] cloud-init[937]: +----[SHA256]-----+
Starting Login to default iSCSI targets...
[[0;32m  OK  [0m] Started Login Service.
[[0;32m  OK  [0m] Started Unattended Upgrades Shutdown.
[[0;32m  OK  [0m] Started LSB: MD monitoring daemon.
[[0;32m  OK  [0m] Started System Logging Service.
[[0;32m  OK  [0m] Started LSB: Record successful boot for GRUB.
         Starting Authenticate and Authorize Users to Run Privileged Tasks...
[[0;32m  OK  [0m] Started Login to default iSCSI targets.
[[0;32m  OK  [0m] Reached target Remote File Systems (Pre).
[[0;32m  OK  [0m] Reached target Remote File Systems.
         Starting LSB: Set the CPU Frequency Scaling governor to "ondemand"...
         Starting LSB: automatic crash report generation...
         Starting LSB: daemon to balance interrupts for SMP systems...
         Starting Permit User Sessions...
[[0;32m  OK  [0m] Started Permit User Sessions.
[[0;32m  OK  [0m] Started Authenticate and Authorize Users to Run Privileged Tasks.
         Starting Terminate Plymouth Boot Screen...
         Starting Hold until boot process finishes up...
[[0;32m  OK  [0m] Started Accounts Service.
[[0;32m  OK  [0m] Started Terminate Plymouth Boot Screen.
[[0;32m  OK  [0m] Started Hold until boot process finishes up.
[[0;32m  OK  [0m] Started Serial Getty on ttyS0.
         Starting Set console scheme...
[[0;32m  OK  [0m] Started Getty on tty1.
[[0;32m  OK  [0m] Reached target Login Prompts.
[[0;32m  OK  [0m] Started LSB: daemon to balance interrupts for SMP systems.
[[0;32m  OK  [0m] Started LXD - container startup/shutdown.
[[0;32m  OK  [0m] Started Virtualbox guest utils.
[[0;32m  OK  [0m] Started Set console scheme.
[[0;32m  OK  [0m] Started LSB: Set the CPU Frequency Scaling governor to "ondemand".
[[0;32m  OK  [0m] Started LSB: automatic crash report generation.
[[0;32m  OK  [0m] Started Snappy daemon.
         Starting Wait until snapd is fully seeded...
[[0;32m  OK  [0m] Started Pollinate to seed the pseudo random number generator.
         Starting OpenBSD Secure Shell server...
[[0;32m  OK  [0m] Started OpenBSD Secure Shell server.
[[0;32m  OK  [0m] Started Wait until snapd is fully seeded.
[[0;32m  OK  [0m] Reached target Multi-User System.
[[0;32m  OK  [0m] Reached target Graphical Interface.
         Starting Update UTMP about System Runlevel Changes...
         Starting Apply the settings specified in cloud-config...
[[0;32m  OK  [0m] Started Update UTMP about System Runlevel Changes.
[[0;32m  OK  [0m] Created slice User Slice of vagrant.
         Starting User Manager for UID 1000...

Ubuntu 16.04.6 LTS ubuntu-xenial ttyS0

ubuntu-xenial login: [   61.153738] cloud-init[1311]: Generating locales (this might take a while)...
[   70.193260] cloud-init[1311]:   en_US.UTF-8... done
[   70.201064] cloud-init[1311]: Generation complete.
[   74.391391] cloud-init[1311]: Cloud-init v. 19.1-1-gbaa47854-0ubuntu1~16.04.1 running 'modules:config' at Fri, 23 Aug 2019 17:06:56 +0000. Up 59.89 seconds.
ci-info: no authorized ssh keys fingerprints found for user ubuntu.
<14>Aug 23 17:07:14 ec2: 
<14>Aug 23 17:07:14 ec2: #############################################################
<14>Aug 23 17:07:14 ec2: -----BEGIN SSH HOST KEY FINGERPRINTS-----
<14>Aug 23 17:07:14 ec2: 1024 SHA256:eWvTCKv6jkfu1gyeNa5TWQdqpzf0qLwanKQxIjVzgYY root@ubuntu-xenial (DSA)
<14>Aug 23 17:07:14 ec2: 256 SHA256:k562SM9SL1b8Lcr2THB2p3KAzlETU0ubES7PQIKS3Ic root@ubuntu-xenial (ECDSA)
<14>Aug 23 17:07:14 ec2: 256 SHA256:/5tLHIUoGMERVMlEuoZCI/zWhIWDYCc20BJHbX21XKs root@ubuntu-xenial (ED25519)
<14>Aug 23 17:07:14 ec2: 2048 SHA256:EijJvm4sozowwt96ca7rIDig/yL5T++ky6I97B3Kfs0 root@ubuntu-xenial (RSA)
<14>Aug 23 17:07:14 ec2: -----END SSH HOST KEY FINGERPRINTS-----
<14>Aug 23 17:07:14 ec2: #############################################################
-----BEGIN SSH HOST KEY KEYS-----
ecdsa-sha2-nistp256 AAAAE2VjZHNhLXNoYTItbmlzdHAyNTYAAAAIbmlzdHAyNTYAAABBBHo1miD5mkNN1huZ2GkgrsETsxpQEJdWYIvi7SxtNnndR19l2A5W9TADWkZNFxrJCUmD/9r+vYHONMqyfMFuqV8= root@ubuntu-xenial
ssh-ed25519 AAAAC3NzaC1lZDI1NTE5AAAAIDQVXhlgjlTAE/gZZ2UWhBgrFyCHRH/udSIG0XSTofib root@ubuntu-xenial
ssh-rsa AAAAB3NzaC1yc2EAAAADAQABAAABAQC6kNAMAQLy8NPZAnvhP0ZOUmm4UYRUMN78kY9GNYHAsvtxlwvnOZ2PivRlgL0n6nc6YPACCJsupPAm9yAQGpGpmy1yT56xyXLj6HYU9o2XoHdmForRmTbVkkJnkWfr/ATUTna/S9XB20octPxZhT1QqNtsEWjQah+R24p6tobhYoiZqd08FWxcA6hrEtImVtKCHfP21XLei55krinmAhWBp+QUiuj/kSS7OAdKXgCwWtVYhrIsCRvw21mo+fy3tnTYX1mAH9E4s08VqEa15KSgGGkbDqafHX3rsPxaQV5nrOHL1EpBJQ92bPnS7bCHzNM3ZuMtaAltJcmQIcsVhC61 root@ubuntu-xenial
-----END SSH HOST KEY KEYS-----
[   78.628132] cloud-init[1536]: Cloud-init v. 19.1-1-gbaa47854-0ubuntu1~16.04.1 running 'modules:final' at Fri, 23 Aug 2019 17:07:13 +0000. Up 77.16 seconds.
[   78.630298] cloud-init[1536]: ci-info: no authorized ssh keys fingerprints found for user ubuntu.
[   78.631042] cloud-init[1536]: Cloud-init v. 19.1-1-gbaa47854-0ubuntu1~16.04.1 finished at Fri, 23 Aug 2019 17:07:15 +0000. Datasource DataSourceNoCloud [seed=/dev/sdb][dsmode=net].  Up 78.52 seconds
